[    4308ms] [INFO] %cDownload the React DevTools for a better development experience: https://reactjs.org/link/react-devtools font-weight:bold @ http://localhost:5173/node_modules/.vite/deps/chunk-XPR23Y44.js?v=7091fa58:21548
[    4452ms] [WARNING] ⚠️ React Router Future Flag Warning: React Router will begin wrapping state updates in `React.startTransition` in v7. You can use the `v7_startTransition` future flag to opt-in early. For more information, see https://reactrouter.com/v6/upgrading/future#v7_starttransition. @ http://localhost:5173/node_modules/.vite/deps/react-router-dom.js?v=7091fa58:4414
[    4452ms] [WARNING] ⚠️ React Router Future Flag Warning: Relative route resolution within Splat routes is changing in v7. You can use the `v7_relativeSplatPath` future flag to opt-in early. For more information, see https://reactrouter.com/v6/upgrading/future#v7_relativesplatpath. @ http://localhost:5173/node_modules/.vite/deps/react-router-dom.js?v=7091fa58:4414
[    5337ms] [ERROR] Access to fetch at 'https://backend.gadgetaccessorieshome.com/api/settings' from origin 'http://localhost:5173' has been blocked by CORS policy: No 'Access-Control-Allow-Origin' header is present on the requested resource. @ http://localhost:5173/:0
[    5338ms] [ERROR] Failed to load resource: net::ERR_FAILED @ https://backend.gadgetaccessorieshome.com/api/settings:0
[    5339ms] [ERROR] Access to fetch at 'https://backend.gadgetaccessorieshome.com/api/categories' from origin 'http://localhost:5173' has been blocked by CORS policy: No 'Access-Control-Allow-Origin' header is present on the requested resource. @ http://localhost:5173/:0
[    5339ms] [ERROR] Failed to load resource: net::ERR_FAILED @ https://backend.gadgetaccessorieshome.com/api/categories:0
[    5339ms] [ERROR] Access to fetch at 'https://backend.gadgetaccessorieshome.com/api/banners' from origin 'http://localhost:5173' has been blocked by CORS policy: No 'Access-Control-Allow-Origin' header is present on the requested resource. @ http://localhost:5173/:0
[    5339ms] [ERROR] Failed to load resource: net::ERR_FAILED @ https://backend.gadgetaccessorieshome.com/api/banners:0
[    5344ms] [ERROR] Access to fetch at 'https://backend.gadgetaccessorieshome.com/api/products?flash=1&limit=10' from origin 'http://localhost:5173' has been blocked by CORS policy: No 'Access-Control-Allow-Origin' header is present on the requested resource. @ http://localhost:5173/:0
[    5344ms] [ERROR] Failed to load resource: net::ERR_FAILED @ https://backend.gadgetaccessorieshome.com/api/products?flash=1&limit=10:0
[    5345ms] [ERROR] Access to fetch at 'https://backend.gadgetaccessorieshome.com/api/products?featured=1&limit=8' from origin 'http://localhost:5173' has been blocked by CORS policy: No 'Access-Control-Allow-Origin' header is present on the requested resource. @ http://localhost:5173/:0
[    5345ms] [ERROR] Failed to load resource: net::ERR_FAILED @ https://backend.gadgetaccessorieshome.com/api/products?featured=1&limit=8:0
[    5345ms] [ERROR] Access to fetch at 'https://backend.gadgetaccessorieshome.com/api/products?sort=newest&limit=8' from origin 'http://localhost:5173' has been blocked by CORS policy: No 'Access-Control-Allow-Origin' header is present on the requested resource. @ http://localhost:5173/:0
[    5345ms] [ERROR] Failed to load resource: net::ERR_FAILED @ https://backend.gadgetaccessorieshome.com/api/products?sort=newest&limit=8:0
[    5643ms] [ERROR] Access to fetch at 'https://backend.gadgetaccessorieshome.com/api/banners' from origin 'http://localhost:5173' has been blocked by CORS policy: No 'Access-Control-Allow-Origin' header is present on the requested resource. @ http://localhost:5173/:0
[    5643ms] [ERROR] Failed to load resource: net::ERR_FAILED @ https://backend.gadgetaccessorieshome.com/api/banners:0
[    5643ms] [ERROR] Access to fetch at 'https://backend.gadgetaccessorieshome.com/api/settings' from origin 'http://localhost:5173' has been blocked by CORS policy: No 'Access-Control-Allow-Origin' header is present on the requested resource. @ http://localhost:5173/:0
[    5644ms] [ERROR] Failed to load resource: net::ERR_FAILED @ https://backend.gadgetaccessorieshome.com/api/settings:0
[    5644ms] [ERROR] Access to fetch at 'https://backend.gadgetaccessorieshome.com/api/categories' from origin 'http://localhost:5173' has been blocked by CORS policy: No 'Access-Control-Allow-Origin' header is present on the requested resource. @ http://localhost:5173/:0
[    5644ms] [ERROR] Failed to load resource: net::ERR_FAILED @ https://backend.gadgetaccessorieshome.com/api/categories:0
[    5648ms] [ERROR] Access to fetch at 'https://backend.gadgetaccessorieshome.com/api/products?flash=1&limit=10' from origin 'http://localhost:5173' has been blocked by CORS policy: No 'Access-Control-Allow-Origin' header is present on the requested resource. @ http://localhost:5173/:0
[    5648ms] [ERROR] Failed to load resource: net::ERR_FAILED @ https://backend.gadgetaccessorieshome.com/api/products?flash=1&limit=10:0
[    5649ms] [ERROR] Access to fetch at 'https://backend.gadgetaccessorieshome.com/api/products?sort=newest&limit=8' from origin 'http://localhost:5173' has been blocked by CORS policy: No 'Access-Control-Allow-Origin' header is present on the requested resource. @ http://localhost:5173/:0
[    5649ms] [ERROR] Failed to load resource: net::ERR_FAILED @ https://backend.gadgetaccessorieshome.com/api/products?sort=newest&limit=8:0
[    5650ms] [ERROR] Access to fetch at 'https://backend.gadgetaccessorieshome.com/api/products?featured=1&limit=8' from origin 'http://localhost:5173' has been blocked by CORS policy: No 'Access-Control-Allow-Origin' header is present on the requested resource. @ http://localhost:5173/:0
[    5650ms] [ERROR] Failed to load resource: net::ERR_FAILED @ https://backend.gadgetaccessorieshome.com/api/products?featured=1&limit=8:0
