[     114ms] [INFO] %cDownload the React DevTools for a better development experience: https://reactjs.org/link/react-devtools font-weight:bold @ http://localhost:5173/node_modules/.vite/deps/chunk-XPR23Y44.js?v=7091fa58:21548
[     154ms] [WARNING] ⚠️ React Router Future Flag Warning: React Router will begin wrapping state updates in `React.startTransition` in v7. You can use the `v7_startTransition` future flag to opt-in early. For more information, see https://reactrouter.com/v6/upgrading/future#v7_starttransition. @ http://localhost:5173/node_modules/.vite/deps/react-router-dom.js?v=7091fa58:4414
[     154ms] [WARNING] ⚠️ React Router Future Flag Warning: Relative route resolution within Splat routes is changing in v7. You can use the `v7_relativeSplatPath` future flag to opt-in early. For more information, see https://reactrouter.com/v6/upgrading/future#v7_relativesplatpath. @ http://localhost:5173/node_modules/.vite/deps/react-router-dom.js?v=7091fa58:4414
[   93176ms] [INFO] %cDownload the React DevTools for a better development experience: https://reactjs.org/link/react-devtools font-weight:bold @ http://localhost:5173/node_modules/.vite/deps/chunk-XPR23Y44.js?v=7091fa58:21548
[   93234ms] [WARNING] ⚠️ React Router Future Flag Warning: React Router will begin wrapping state updates in `React.startTransition` in v7. You can use the `v7_startTransition` future flag to opt-in early. For more information, see https://reactrouter.com/v6/upgrading/future#v7_starttransition. @ http://localhost:5173/node_modules/.vite/deps/react-router-dom.js?v=7091fa58:4414
[   93235ms] [WARNING] ⚠️ React Router Future Flag Warning: Relative route resolution within Splat routes is changing in v7. You can use the `v7_relativeSplatPath` future flag to opt-in early. For more information, see https://reactrouter.com/v6/upgrading/future#v7_relativesplatpath. @ http://localhost:5173/node_modules/.vite/deps/react-router-dom.js?v=7091fa58:4414
[  256248ms] [LOG] [vite] server connection lost. Polling for restart... @ http://localhost:5173/@vite/client:559
[  256254ms] [ERROR] Failed to load resource: net::ERR_CONNECTION_REFUSED @ http://localhost:5173/:0
[  258407ms] [INFO] %cDownload the React DevTools for a better development experience: https://reactjs.org/link/react-devtools font-weight:bold @ http://localhost:5173/node_modules/.vite/deps/chunk-XPR23Y44.js?v=7091fa58:21548
[  258464ms] [WARNING] ⚠️ React Router Future Flag Warning: React Router will begin wrapping state updates in `React.startTransition` in v7. You can use the `v7_startTransition` future flag to opt-in early. For more information, see https://reactrouter.com/v6/upgrading/future#v7_starttransition. @ http://localhost:5173/node_modules/.vite/deps/react-router-dom.js?v=7091fa58:4414
[  258465ms] [WARNING] ⚠️ React Router Future Flag Warning: Relative route resolution within Splat routes is changing in v7. You can use the `v7_relativeSplatPath` future flag to opt-in early. For more information, see https://reactrouter.com/v6/upgrading/future#v7_relativesplatpath. @ http://localhost:5173/node_modules/.vite/deps/react-router-dom.js?v=7091fa58:4414
[  259352ms] [ERROR] Access to fetch at 'https://backend.gadgetaccessorieshome.com/api/categories' from origin 'http://localhost:5173' has been blocked by CORS policy: Response to preflight request doesn't pass access control check: No 'Access-Control-Allow-Origin' header is present on the requested resource. @ http://localhost:5173/admin/fraud-check:0
[  259352ms] [ERROR] Failed to load resource: net::ERR_FAILED @ https://backend.gadgetaccessorieshome.com/api/categories:0
[  259354ms] [ERROR] Access to fetch at 'https://backend.gadgetaccessorieshome.com/api/auth/me' from origin 'http://localhost:5173' has been blocked by CORS policy: Response to preflight request doesn't pass access control check: No 'Access-Control-Allow-Origin' header is present on the requested resource. @ http://localhost:5173/admin/fraud-check:0
[  259354ms] [ERROR] Failed to load resource: net::ERR_FAILED @ https://backend.gadgetaccessorieshome.com/api/auth/me:0
[  259354ms] [ERROR] Access to fetch at 'https://backend.gadgetaccessorieshome.com/api/categories' from origin 'http://localhost:5173' has been blocked by CORS policy: Response to preflight request doesn't pass access control check: No 'Access-Control-Allow-Origin' header is present on the requested resource. @ http://localhost:5173/admin/fraud-check:0
[  259354ms] [ERROR] Failed to load resource: net::ERR_FAILED @ https://backend.gadgetaccessorieshome.com/api/categories:0
[  259354ms] [ERROR] Access to fetch at 'https://backend.gadgetaccessorieshome.com/api/settings' from origin 'http://localhost:5173' has been blocked by CORS policy: Response to preflight request doesn't pass access control check: No 'Access-Control-Allow-Origin' header is present on the requested resource. @ http://localhost:5173/admin/fraud-check:0
[  259354ms] [ERROR] Failed to load resource: net::ERR_FAILED @ https://backend.gadgetaccessorieshome.com/api/settings:0
[  259355ms] [ERROR] Access to fetch at 'https://backend.gadgetaccessorieshome.com/api/push/subscribe' from origin 'http://localhost:5173' has been blocked by CORS policy: Response to preflight request doesn't pass access control check: No 'Access-Control-Allow-Origin' header is present on the requested resource. @ http://localhost:5173/admin/fraud-check:0
[  259355ms] [ERROR] Failed to load resource: net::ERR_FAILED @ https://backend.gadgetaccessorieshome.com/api/push/subscribe:0
[  259355ms] [ERROR] Access to fetch at 'https://backend.gadgetaccessorieshome.com/api/settings' from origin 'http://localhost:5173' has been blocked by CORS policy: Response to preflight request doesn't pass access control check: No 'Access-Control-Allow-Origin' header is present on the requested resource. @ http://localhost:5173/admin/fraud-check:0
[  259355ms] [ERROR] Failed to load resource: net::ERR_FAILED @ https://backend.gadgetaccessorieshome.com/api/settings:0
[  259355ms] [ERROR] Access to fetch at 'https://backend.gadgetaccessorieshome.com/api/push/subscribe' from origin 'http://localhost:5173' has been blocked by CORS policy: Response to preflight request doesn't pass access control check: No 'Access-Control-Allow-Origin' header is present on the requested resource. @ http://localhost:5173/admin/fraud-check:0
[  259355ms] [ERROR] Failed to load resource: net::ERR_FAILED @ https://backend.gadgetaccessorieshome.com/api/push/subscribe:0
[  259401ms] [ERROR] Access to fetch at 'https://backend.gadgetaccessorieshome.com/api/wishlist/sync' from origin 'http://localhost:5173' has been blocked by CORS policy: Response to preflight request doesn't pass access control check: No 'Access-Control-Allow-Origin' header is present on the requested resource. @ http://localhost:5173/login:0
[  259401ms] [ERROR] Failed to load resource: net::ERR_FAILED @ https://backend.gadgetaccessorieshome.com/api/wishlist/sync:0
[  259402ms] [ERROR] Access to fetch at 'https://backend.gadgetaccessorieshome.com/api/wishlist/sync' from origin 'http://localhost:5173' has been blocked by CORS policy: Response to preflight request doesn't pass access control check: No 'Access-Control-Allow-Origin' header is present on the requested resource. @ http://localhost:5173/login:0
[  259402ms] [ERROR] Failed to load resource: net::ERR_FAILED @ https://backend.gadgetaccessorieshome.com/api/wishlist/sync:0
[  259484ms] [VERBOSE] [DOM] Input elements should have autocomplete attributes (suggested: "username"): (More info: https://goo.gl/9p2vKq) %o @ http://localhost:5173/login:0
[  259641ms] [ERROR] Access to fetch at 'https://backend.gadgetaccessorieshome.com/api/auth/me' from origin 'http://localhost:5173' has been blocked by CORS policy: Response to preflight request doesn't pass access control check: No 'Access-Control-Allow-Origin' header is present on the requested resource. @ http://localhost:5173/login:0
[  259641ms] [ERROR] Failed to load resource: net::ERR_FAILED @ https://backend.gadgetaccessorieshome.com/api/auth/me:0
