[    2288ms] [INFO] %cDownload the React DevTools for a better development experience: https://reactjs.org/link/react-devtools font-weight:bold @ http://localhost:5173/node_modules/.vite/deps/chunk-XPR23Y44.js?v=b7d368d5:21548
[    2388ms] [WARNING] ⚠️ React Router Future Flag Warning: React Router will begin wrapping state updates in `React.startTransition` in v7. You can use the `v7_startTransition` future flag to opt-in early. For more information, see https://reactrouter.com/v6/upgrading/future#v7_starttransition. @ http://localhost:5173/node_modules/.vite/deps/react-router-dom.js?v=c76998c8:4414
[    2388ms] [WARNING] ⚠️ React Router Future Flag Warning: Relative route resolution within Splat routes is changing in v7. You can use the `v7_relativeSplatPath` future flag to opt-in early. For more information, see https://reactrouter.com/v6/upgrading/future#v7_relativesplatpath. @ http://localhost:5173/node_modules/.vite/deps/react-router-dom.js?v=c76998c8:4414
[    2402ms] [ERROR] Failed to load resource: the server responded with a status of 500 (Internal Server Error) @ http://localhost:5173/api/settings:0
[    2402ms] [ERROR] Failed to load resource: the server responded with a status of 500 (Internal Server Error) @ http://localhost:5173/api/categories:0
[    2403ms] [ERROR] Failed to load resource: the server responded with a status of 500 (Internal Server Error) @ http://localhost:5173/api/settings:0
[    2403ms] [ERROR] Failed to load resource: the server responded with a status of 500 (Internal Server Error) @ http://localhost:5173/api/categories:0
[34957557ms] [ERROR] Failed to load resource: the server responded with a status of 500 (Internal Server Error) @ http://localhost:5173/api/products?sort=popularity&page=1&limit=12:0
[34957563ms] [ERROR] Failed to load resource: the server responded with a status of 500 (Internal Server Error) @ http://localhost:5173/api/products?sort=popularity&page=1&limit=12:0
[34959409ms] [ERROR] Failed to load resource: the server responded with a status of 500 (Internal Server Error) @ http://localhost:5173/api/products?flash=1&limit=10:0
[34959410ms] [ERROR] Failed to load resource: the server responded with a status of 500 (Internal Server Error) @ http://localhost:5173/api/banners:0
[34959410ms] [ERROR] Failed to load resource: the server responded with a status of 500 (Internal Server Error) @ http://localhost:5173/api/products?sort=newest&limit=8:0
[34959410ms] [ERROR] Failed to load resource: the server responded with a status of 500 (Internal Server Error) @ http://localhost:5173/api/products?featured=1&limit=8:0
[34959416ms] [ERROR] Failed to load resource: the server responded with a status of 500 (Internal Server Error) @ http://localhost:5173/api/products?flash=1&limit=10:0
[34959417ms] [ERROR] Failed to load resource: the server responded with a status of 500 (Internal Server Error) @ http://localhost:5173/api/banners:0
[34959417ms] [ERROR] Failed to load resource: the server responded with a status of 500 (Internal Server Error) @ http://localhost:5173/api/products?sort=newest&limit=8:0
[34959418ms] [ERROR] Failed to load resource: the server responded with a status of 500 (Internal Server Error) @ http://localhost:5173/api/products?featured=1&limit=8:0
[35038748ms] [ERROR] Failed to load resource: the server responded with a status of 500 (Internal Server Error) @ http://localhost:5173/src/App.jsx?t=1790866264265:0
[35038753ms] [ERROR] [hmr] Failed to reload /src/App.jsx. This could be due to syntax errors or importing non-existent modules. (see errors above) @ http://localhost:5173/@vite/client:175
[35039340ms] [INFO] %cDownload the React DevTools for a better development experience: https://reactjs.org/link/react-devtools font-weight:bold @ http://localhost:5173/node_modules/.vite/deps/chunk-XPR23Y44.js?v=b7d368d5:21548
[35039401ms] [WARNING] ⚠️ React Router Future Flag Warning: React Router will begin wrapping state updates in `React.startTransition` in v7. You can use the `v7_startTransition` future flag to opt-in early. For more information, see https://reactrouter.com/v6/upgrading/future#v7_starttransition. @ http://localhost:5173/node_modules/.vite/deps/react-router-dom.js?v=c76998c8:4414
[35039401ms] [WARNING] ⚠️ React Router Future Flag Warning: Relative route resolution within Splat routes is changing in v7. You can use the `v7_relativeSplatPath` future flag to opt-in early. For more information, see https://reactrouter.com/v6/upgrading/future#v7_relativesplatpath. @ http://localhost:5173/node_modules/.vite/deps/react-router-dom.js?v=c76998c8:4414
[35039430ms] [ERROR] Failed to load resource: the server responded with a status of 500 (Internal Server Error) @ http://localhost:5173/api/banners:0
[35039431ms] [ERROR] Failed to load resource: the server responded with a status of 500 (Internal Server Error) @ http://localhost:5173/api/products?flash=1&limit=10:0
[35039442ms] [ERROR] Failed to load resource: the server responded with a status of 500 (Internal Server Error) @ http://localhost:5173/api/products?featured=1&limit=8:0
[35039442ms] [ERROR] Failed to load resource: the server responded with a status of 500 (Internal Server Error) @ http://localhost:5173/api/products?sort=newest&limit=8:0
[35039443ms] [ERROR] Failed to load resource: the server responded with a status of 500 (Internal Server Error) @ http://localhost:5173/api/settings:0
[35039444ms] [ERROR] Failed to load resource: the server responded with a status of 500 (Internal Server Error) @ http://localhost:5173/api/categories:0
[35039460ms] [ERROR] Failed to load resource: the server responded with a status of 500 (Internal Server Error) @ http://localhost:5173/api/settings:0
[35039461ms] [ERROR] Failed to load resource: the server responded with a status of 500 (Internal Server Error) @ http://localhost:5173/api/categories:0
[35039470ms] [ERROR] Failed to load resource: the server responded with a status of 500 (Internal Server Error) @ http://localhost:5173/api/banners:0
[35039475ms] [ERROR] Failed to load resource: the server responded with a status of 500 (Internal Server Error) @ http://localhost:5173/api/products?flash=1&limit=10:0
[35039476ms] [ERROR] Failed to load resource: the server responded with a status of 500 (Internal Server Error) @ http://localhost:5173/api/products?featured=1&limit=8:0
[35039477ms] [ERROR] Failed to load resource: the server responded with a status of 500 (Internal Server Error) @ http://localhost:5173/api/products?sort=newest&limit=8:0
[35701735ms] [ERROR] Failed to load resource: the server responded with a status of 500 (Internal Server Error) @ http://localhost:5173/api/products?sort=popularity&page=1&limit=12:0
[35701738ms] [ERROR] Failed to load resource: the server responded with a status of 500 (Internal Server Error) @ http://localhost:5173/api/products?sort=popularity&page=1&limit=12:0
[35702263ms] [ERROR] Failed to load resource: the server responded with a status of 500 (Internal Server Error) @ http://localhost:5173/api/products?sort=popularity&page=1&limit=12&offers=1:0
[35703838ms] [ERROR] Failed to load resource: the server responded with a status of 500 (Internal Server Error) @ http://localhost:5173/api/products?sort=popularity&page=1&limit=12:0
[35703841ms] [ERROR] Failed to load resource: the server responded with a status of 500 (Internal Server Error) @ http://localhost:5173/api/products?sort=popularity&page=1&limit=12:0
[36046386ms] [INFO] %cDownload the React DevTools for a better development experience: https://reactjs.org/link/react-devtools font-weight:bold @ http://localhost:5173/node_modules/.vite/deps/chunk-XPR23Y44.js?v=b7d368d5:21548
[36046412ms] [WARNING] ⚠️ React Router Future Flag Warning: React Router will begin wrapping state updates in `React.startTransition` in v7. You can use the `v7_startTransition` future flag to opt-in early. For more information, see https://reactrouter.com/v6/upgrading/future#v7_starttransition. @ http://localhost:5173/node_modules/.vite/deps/react-router-dom.js?v=c76998c8:4414
[36046413ms] [WARNING] ⚠️ React Router Future Flag Warning: Relative route resolution within Splat routes is changing in v7. You can use the `v7_relativeSplatPath` future flag to opt-in early. For more information, see https://reactrouter.com/v6/upgrading/future#v7_relativesplatpath. @ http://localhost:5173/node_modules/.vite/deps/react-router-dom.js?v=c76998c8:4414
[36273252ms] [INFO] %cDownload the React DevTools for a better development experience: https://reactjs.org/link/react-devtools font-weight:bold @ http://localhost:5173/node_modules/.vite/deps/chunk-XPR23Y44.js?v=b7d368d5:21548
[36273303ms] [WARNING] ⚠️ React Router Future Flag Warning: React Router will begin wrapping state updates in `React.startTransition` in v7. You can use the `v7_startTransition` future flag to opt-in early. For more information, see https://reactrouter.com/v6/upgrading/future#v7_starttransition. @ http://localhost:5173/node_modules/.vite/deps/react-router-dom.js?v=c76998c8:4414
[36273303ms] [WARNING] ⚠️ React Router Future Flag Warning: Relative route resolution within Splat routes is changing in v7. You can use the `v7_relativeSplatPath` future flag to opt-in early. For more information, see https://reactrouter.com/v6/upgrading/future#v7_relativesplatpath. @ http://localhost:5173/node_modules/.vite/deps/react-router-dom.js?v=c76998c8:4414
[36696074ms] [INFO] %cDownload the React DevTools for a better development experience: https://reactjs.org/link/react-devtools font-weight:bold @ http://localhost:5173/node_modules/.vite/deps/chunk-XPR23Y44.js?v=b7d368d5:21548
[36696146ms] [WARNING] ⚠️ React Router Future Flag Warning: React Router will begin wrapping state updates in `React.startTransition` in v7. You can use the `v7_startTransition` future flag to opt-in early. For more information, see https://reactrouter.com/v6/upgrading/future#v7_starttransition. @ http://localhost:5173/node_modules/.vite/deps/react-router-dom.js?v=c76998c8:4414
[36696146ms] [WARNING] ⚠️ React Router Future Flag Warning: Relative route resolution within Splat routes is changing in v7. You can use the `v7_relativeSplatPath` future flag to opt-in early. For more information, see https://reactrouter.com/v6/upgrading/future#v7_relativesplatpath. @ http://localhost:5173/node_modules/.vite/deps/react-router-dom.js?v=c76998c8:4414
[37537668ms] [INFO] %cDownload the React DevTools for a better development experience: https://reactjs.org/link/react-devtools font-weight:bold @ http://localhost:5173/node_modules/.vite/deps/chunk-XPR23Y44.js?v=b7d368d5:21548
[37537765ms] [WARNING] ⚠️ React Router Future Flag Warning: React Router will begin wrapping state updates in `React.startTransition` in v7. You can use the `v7_startTransition` future flag to opt-in early. For more information, see https://reactrouter.com/v6/upgrading/future#v7_starttransition. @ http://localhost:5173/node_modules/.vite/deps/react-router-dom.js?v=c76998c8:4414
[37537765ms] [WARNING] ⚠️ React Router Future Flag Warning: Relative route resolution within Splat routes is changing in v7. You can use the `v7_relativeSplatPath` future flag to opt-in early. For more information, see https://reactrouter.com/v6/upgrading/future#v7_relativesplatpath. @ http://localhost:5173/node_modules/.vite/deps/react-router-dom.js?v=c76998c8:4414
[37538250ms] TypeError: Cannot destructure property 'settings' of 'useStore(...)' as it is null.
    at Layout (http://localhost:5173/src/components/Layout.jsx?t=1790868762775:687:11)
    at renderWithHooks (http://localhost:5173/node_modules/.vite/deps/chunk-XPR23Y44.js?v=b7d368d5:11546:26)
    at mountIndeterminateComponent (http://localhost:5173/node_modules/.vite/deps/chunk-XPR23Y44.js?v=b7d368d5:14924:21)
    at beginWork (http://localhost:5173/node_modules/.vite/deps/chunk-XPR23Y44.js?v=b7d368d5:15912:22)
    at HTMLUnknownElement.callCallback2 (http://localhost:5173/node_modules/.vite/deps/chunk-XPR23Y44.js?v=b7d368d5:3672:22)
    at Object.invokeGuardedCallbackDev (http://localhost:5173/node_modules/.vite/deps/chunk-XPR23Y44.js?v=b7d368d5:3697:24)
    at invokeGuardedCallback (http://localhost:5173/node_modules/.vite/deps/chunk-XPR23Y44.js?v=b7d368d5:3731:39)
    at beginWork$1 (http://localhost:5173/node_modules/.vite/deps/chunk-XPR23Y44.js?v=b7d368d5:19763:15)
    at performUnitOfWork (http://localhost:5173/node_modules/.vite/deps/chunk-XPR23Y44.js?v=b7d368d5:19196:20)
    at workLoopSync (http://localhost:5173/node_modules/.vite/deps/chunk-XPR23Y44.js?v=b7d368d5:19135:13)
[37538253ms] TypeError: Cannot destructure property 'settings' of 'useStore(...)' as it is null.
    at Layout (http://localhost:5173/src/components/Layout.jsx?t=1790868762775:687:11)
    at renderWithHooks (http://localhost:5173/node_modules/.vite/deps/chunk-XPR23Y44.js?v=b7d368d5:11546:26)
    at mountIndeterminateComponent (http://localhost:5173/node_modules/.vite/deps/chunk-XPR23Y44.js?v=b7d368d5:14924:21)
    at beginWork (http://localhost:5173/node_modules/.vite/deps/chunk-XPR23Y44.js?v=b7d368d5:15912:22)
    at HTMLUnknownElement.callCallback2 (http://localhost:5173/node_modules/.vite/deps/chunk-XPR23Y44.js?v=b7d368d5:3672:22)
    at Object.invokeGuardedCallbackDev (http://localhost:5173/node_modules/.vite/deps/chunk-XPR23Y44.js?v=b7d368d5:3697:24)
    at invokeGuardedCallback (http://localhost:5173/node_modules/.vite/deps/chunk-XPR23Y44.js?v=b7d368d5:3731:39)
    at beginWork$1 (http://localhost:5173/node_modules/.vite/deps/chunk-XPR23Y44.js?v=b7d368d5:19763:15)
    at performUnitOfWork (http://localhost:5173/node_modules/.vite/deps/chunk-XPR23Y44.js?v=b7d368d5:19196:20)
    at workLoopSync (http://localhost:5173/node_modules/.vite/deps/chunk-XPR23Y44.js?v=b7d368d5:19135:13)
[37538254ms] [ERROR] The above error occurred in the <Layout> component:

    at Layout (http://localhost:5173/src/components/Layout.jsx?t=1790868762775:683:27)
    at RenderedRoute (http://localhost:5173/node_modules/.vite/deps/react-router-dom.js?v=c76998c8:4110:5)
    at Routes (http://localhost:5173/node_modules/.vite/deps/react-router-dom.js?v=c76998c8:4580:5)
    at App
    at StoreProvider (http://localhost:5173/src/context/StoreContext.jsx?t=1790868763926:30:33)
    at Router (http://localhost:5173/node_modules/.vite/deps/react-router-dom.js?v=c76998c8:4523:15)
    at BrowserRouter (http://localhost:5173/node_modules/.vite/deps/react-router-dom.js?v=c76998c8:5261:5)

Consider adding an error boundary to your tree to customize error handling behavior.
Visit https://reactjs.org/link/error-boundaries to learn more about error boundaries. @ http://localhost:5173/node_modules/.vite/deps/chunk-XPR23Y44.js?v=b7d368d5:14029
[37538255ms] TypeError: Cannot destructure property 'settings' of 'useStore(...)' as it is null.
    at Layout (http://localhost:5173/src/components/Layout.jsx?t=1790868762775:687:11)
    at renderWithHooks (http://localhost:5173/node_modules/.vite/deps/chunk-XPR23Y44.js?v=b7d368d5:11546:26)
    at mountIndeterminateComponent (http://localhost:5173/node_modules/.vite/deps/chunk-XPR23Y44.js?v=b7d368d5:14924:21)
    at beginWork (http://localhost:5173/node_modules/.vite/deps/chunk-XPR23Y44.js?v=b7d368d5:15912:22)
    at beginWork$1 (http://localhost:5173/node_modules/.vite/deps/chunk-XPR23Y44.js?v=b7d368d5:19751:22)
    at performUnitOfWork (http://localhost:5173/node_modules/.vite/deps/chunk-XPR23Y44.js?v=b7d368d5:19196:20)
    at workLoopSync (http://localhost:5173/node_modules/.vite/deps/chunk-XPR23Y44.js?v=b7d368d5:19135:13)
    at renderRootSync (http://localhost:5173/node_modules/.vite/deps/chunk-XPR23Y44.js?v=b7d368d5:19114:15)
    at recoverFromConcurrentError (http://localhost:5173/node_modules/.vite/deps/chunk-XPR23Y44.js?v=b7d368d5:18734:28)
    at performSyncWorkOnRoot (http://localhost:5173/node_modules/.vite/deps/chunk-XPR23Y44.js?v=b7d368d5:18877:28)
[37538646ms] [INFO] %cDownload the React DevTools for a better development experience: https://reactjs.org/link/react-devtools font-weight:bold @ http://localhost:5173/node_modules/.vite/deps/chunk-XPR23Y44.js?v=b7d368d5:21548
[37538699ms] [WARNING] ⚠️ React Router Future Flag Warning: React Router will begin wrapping state updates in `React.startTransition` in v7. You can use the `v7_startTransition` future flag to opt-in early. For more information, see https://reactrouter.com/v6/upgrading/future#v7_starttransition. @ http://localhost:5173/node_modules/.vite/deps/react-router-dom.js?v=c76998c8:4414
[37538700ms] [WARNING] ⚠️ React Router Future Flag Warning: Relative route resolution within Splat routes is changing in v7. You can use the `v7_relativeSplatPath` future flag to opt-in early. For more information, see https://reactrouter.com/v6/upgrading/future#v7_relativesplatpath. @ http://localhost:5173/node_modules/.vite/deps/react-router-dom.js?v=c76998c8:4414
[39410411ms] ReferenceError: hoverImage is not defined
    at ProductCard (http://localhost:5173/src/components/Shared.jsx?t=1790870635432:84:7)
    at renderWithHooks (http://localhost:5173/node_modules/.vite/deps/chunk-XPR23Y44.js?v=b7d368d5:11546:26)
    at updateFunctionComponent (http://localhost:5173/node_modules/.vite/deps/chunk-XPR23Y44.js?v=b7d368d5:14580:28)
    at beginWork (http://localhost:5173/node_modules/.vite/deps/chunk-XPR23Y44.js?v=b7d368d5:15922:22)
    at HTMLUnknownElement.callCallback2 (http://localhost:5173/node_modules/.vite/deps/chunk-XPR23Y44.js?v=b7d368d5:3672:22)
    at Object.invokeGuardedCallbackDev (http://localhost:5173/node_modules/.vite/deps/chunk-XPR23Y44.js?v=b7d368d5:3697:24)
    at invokeGuardedCallback (http://localhost:5173/node_modules/.vite/deps/chunk-XPR23Y44.js?v=b7d368d5:3731:39)
    at beginWork$1 (http://localhost:5173/node_modules/.vite/deps/chunk-XPR23Y44.js?v=b7d368d5:19763:15)
    at performUnitOfWork (http://localhost:5173/node_modules/.vite/deps/chunk-XPR23Y44.js?v=b7d368d5:19196:20)
    at workLoopSync (http://localhost:5173/node_modules/.vite/deps/chunk-XPR23Y44.js?v=b7d368d5:19135:13)
[39410412ms] ReferenceError: hoverImage is not defined
    at ProductCard (http://localhost:5173/src/components/Shared.jsx?t=1790870635432:84:7)
    at renderWithHooks (http://localhost:5173/node_modules/.vite/deps/chunk-XPR23Y44.js?v=b7d368d5:11546:26)
    at updateFunctionComponent (http://localhost:5173/node_modules/.vite/deps/chunk-XPR23Y44.js?v=b7d368d5:14580:28)
    at beginWork (http://localhost:5173/node_modules/.vite/deps/chunk-XPR23Y44.js?v=b7d368d5:15922:22)
    at HTMLUnknownElement.callCallback2 (http://localhost:5173/node_modules/.vite/deps/chunk-XPR23Y44.js?v=b7d368d5:3672:22)
    at Object.invokeGuardedCallbackDev (http://localhost:5173/node_modules/.vite/deps/chunk-XPR23Y44.js?v=b7d368d5:3697:24)
    at invokeGuardedCallback (http://localhost:5173/node_modules/.vite/deps/chunk-XPR23Y44.js?v=b7d368d5:3731:39)
    at beginWork$1 (http://localhost:5173/node_modules/.vite/deps/chunk-XPR23Y44.js?v=b7d368d5:19763:15)
    at performUnitOfWork (http://localhost:5173/node_modules/.vite/deps/chunk-XPR23Y44.js?v=b7d368d5:19196:20)
    at workLoopSync (http://localhost:5173/node_modules/.vite/deps/chunk-XPR23Y44.js?v=b7d368d5:19135:13)
[39410412ms] ReferenceError: hoverImage is not defined
    at ProductCard (http://localhost:5173/src/components/Shared.jsx?t=1790870635432:84:7)
    at renderWithHooks (http://localhost:5173/node_modules/.vite/deps/chunk-XPR23Y44.js?v=b7d368d5:11546:26)
    at updateFunctionComponent (http://localhost:5173/node_modules/.vite/deps/chunk-XPR23Y44.js?v=b7d368d5:14580:28)
    at beginWork (http://localhost:5173/node_modules/.vite/deps/chunk-XPR23Y44.js?v=b7d368d5:15922:22)
    at HTMLUnknownElement.callCallback2 (http://localhost:5173/node_modules/.vite/deps/chunk-XPR23Y44.js?v=b7d368d5:3672:22)
    at Object.invokeGuardedCallbackDev (http://localhost:5173/node_modules/.vite/deps/chunk-XPR23Y44.js?v=b7d368d5:3697:24)
    at invokeGuardedCallback (http://localhost:5173/node_modules/.vite/deps/chunk-XPR23Y44.js?v=b7d368d5:3731:39)
    at beginWork$1 (http://localhost:5173/node_modules/.vite/deps/chunk-XPR23Y44.js?v=b7d368d5:19763:15)
    at performUnitOfWork (http://localhost:5173/node_modules/.vite/deps/chunk-XPR23Y44.js?v=b7d368d5:19196:20)
    at workLoopSync (http://localhost:5173/node_modules/.vite/deps/chunk-XPR23Y44.js?v=b7d368d5:19135:13)
[39410412ms] ReferenceError: hoverImage is not defined
    at ProductCard (http://localhost:5173/src/components/Shared.jsx?t=1790870635432:84:7)
    at renderWithHooks (http://localhost:5173/node_modules/.vite/deps/chunk-XPR23Y44.js?v=b7d368d5:11546:26)
    at updateFunctionComponent (http://localhost:5173/node_modules/.vite/deps/chunk-XPR23Y44.js?v=b7d368d5:14580:28)
    at beginWork (http://localhost:5173/node_modules/.vite/deps/chunk-XPR23Y44.js?v=b7d368d5:15922:22)
    at HTMLUnknownElement.callCallback2 (http://localhost:5173/node_modules/.vite/deps/chunk-XPR23Y44.js?v=b7d368d5:3672:22)
    at Object.invokeGuardedCallbackDev (http://localhost:5173/node_modules/.vite/deps/chunk-XPR23Y44.js?v=b7d368d5:3697:24)
    at invokeGuardedCallback (http://localhost:5173/node_modules/.vite/deps/chunk-XPR23Y44.js?v=b7d368d5:3731:39)
    at beginWork$1 (http://localhost:5173/node_modules/.vite/deps/chunk-XPR23Y44.js?v=b7d368d5:19763:15)
    at performUnitOfWork (http://localhost:5173/node_modules/.vite/deps/chunk-XPR23Y44.js?v=b7d368d5:19196:20)
    at workLoopSync (http://localhost:5173/node_modules/.vite/deps/chunk-XPR23Y44.js?v=b7d368d5:19135:13)
[39410414ms] ReferenceError: hoverImage is not defined
    at ProductCard (http://localhost:5173/src/components/Shared.jsx?t=1790870635432:84:7)
    at renderWithHooks (http://localhost:5173/node_modules/.vite/deps/chunk-XPR23Y44.js?v=b7d368d5:11546:26)
    at updateFunctionComponent (http://localhost:5173/node_modules/.vite/deps/chunk-XPR23Y44.js?v=b7d368d5:14580:28)
    at beginWork (http://localhost:5173/node_modules/.vite/deps/chunk-XPR23Y44.js?v=b7d368d5:15922:22)
    at HTMLUnknownElement.callCallback2 (http://localhost:5173/node_modules/.vite/deps/chunk-XPR23Y44.js?v=b7d368d5:3672:22)
    at Object.invokeGuardedCallbackDev (http://localhost:5173/node_modules/.vite/deps/chunk-XPR23Y44.js?v=b7d368d5:3697:24)
    at invokeGuardedCallback (http://localhost:5173/node_modules/.vite/deps/chunk-XPR23Y44.js?v=b7d368d5:3731:39)
    at beginWork$1 (http://localhost:5173/node_modules/.vite/deps/chunk-XPR23Y44.js?v=b7d368d5:19763:15)
    at performUnitOfWork (http://localhost:5173/node_modules/.vite/deps/chunk-XPR23Y44.js?v=b7d368d5:19196:20)
    at workLoopSync (http://localhost:5173/node_modules/.vite/deps/chunk-XPR23Y44.js?v=b7d368d5:19135:13)
[39410415ms] ReferenceError: hoverImage is not defined
    at ProductCard (http://localhost:5173/src/components/Shared.jsx?t=1790870635432:84:7)
    at renderWithHooks (http://localhost:5173/node_modules/.vite/deps/chunk-XPR23Y44.js?v=b7d368d5:11546:26)
    at updateFunctionComponent (http://localhost:5173/node_modules/.vite/deps/chunk-XPR23Y44.js?v=b7d368d5:14580:28)
    at beginWork (http://localhost:5173/node_modules/.vite/deps/chunk-XPR23Y44.js?v=b7d368d5:15922:22)
    at HTMLUnknownElement.callCallback2 (http://localhost:5173/node_modules/.vite/deps/chunk-XPR23Y44.js?v=b7d368d5:3672:22)
    at Object.invokeGuardedCallbackDev (http://localhost:5173/node_modules/.vite/deps/chunk-XPR23Y44.js?v=b7d368d5:3697:24)
    at invokeGuardedCallback (http://localhost:5173/node_modules/.vite/deps/chunk-XPR23Y44.js?v=b7d368d5:3731:39)
    at beginWork$1 (http://localhost:5173/node_modules/.vite/deps/chunk-XPR23Y44.js?v=b7d368d5:19763:15)
    at performUnitOfWork (http://localhost:5173/node_modules/.vite/deps/chunk-XPR23Y44.js?v=b7d368d5:19196:20)
    at workLoopSync (http://localhost:5173/node_modules/.vite/deps/chunk-XPR23Y44.js?v=b7d368d5:19135:13)
[39410415ms] ReferenceError: hoverImage is not defined
    at ProductCard (http://localhost:5173/src/components/Shared.jsx?t=1790870635432:84:7)
    at renderWithHooks (http://localhost:5173/node_modules/.vite/deps/chunk-XPR23Y44.js?v=b7d368d5:11546:26)
    at updateFunctionComponent (http://localhost:5173/node_modules/.vite/deps/chunk-XPR23Y44.js?v=b7d368d5:14580:28)
    at beginWork (http://localhost:5173/node_modules/.vite/deps/chunk-XPR23Y44.js?v=b7d368d5:15922:22)
    at HTMLUnknownElement.callCallback2 (http://localhost:5173/node_modules/.vite/deps/chunk-XPR23Y44.js?v=b7d368d5:3672:22)
    at Object.invokeGuardedCallbackDev (http://localhost:5173/node_modules/.vite/deps/chunk-XPR23Y44.js?v=b7d368d5:3697:24)
    at invokeGuardedCallback (http://localhost:5173/node_modules/.vite/deps/chunk-XPR23Y44.js?v=b7d368d5:3731:39)
    at beginWork$1 (http://localhost:5173/node_modules/.vite/deps/chunk-XPR23Y44.js?v=b7d368d5:19763:15)
    at performUnitOfWork (http://localhost:5173/node_modules/.vite/deps/chunk-XPR23Y44.js?v=b7d368d5:19196:20)
    at workLoopSync (http://localhost:5173/node_modules/.vite/deps/chunk-XPR23Y44.js?v=b7d368d5:19135:13)
[39410416ms] ReferenceError: hoverImage is not defined
    at ProductCard (http://localhost:5173/src/components/Shared.jsx?t=1790870635432:84:7)
    at renderWithHooks (http://localhost:5173/node_modules/.vite/deps/chunk-XPR23Y44.js?v=b7d368d5:11546:26)
    at updateFunctionComponent (http://localhost:5173/node_modules/.vite/deps/chunk-XPR23Y44.js?v=b7d368d5:14580:28)
    at beginWork (http://localhost:5173/node_modules/.vite/deps/chunk-XPR23Y44.js?v=b7d368d5:15922:22)
    at HTMLUnknownElement.callCallback2 (http://localhost:5173/node_modules/.vite/deps/chunk-XPR23Y44.js?v=b7d368d5:3672:22)
    at Object.invokeGuardedCallbackDev (http://localhost:5173/node_modules/.vite/deps/chunk-XPR23Y44.js?v=b7d368d5:3697:24)
    at invokeGuardedCallback (http://localhost:5173/node_modules/.vite/deps/chunk-XPR23Y44.js?v=b7d368d5:3731:39)
    at beginWork$1 (http://localhost:5173/node_modules/.vite/deps/chunk-XPR23Y44.js?v=b7d368d5:19763:15)
    at performUnitOfWork (http://localhost:5173/node_modules/.vite/deps/chunk-XPR23Y44.js?v=b7d368d5:19196:20)
    at workLoopSync (http://localhost:5173/node_modules/.vite/deps/chunk-XPR23Y44.js?v=b7d368d5:19135:13)
[39410419ms] ReferenceError: hoverImage is not defined
    at ProductCard (http://localhost:5173/src/components/Shared.jsx?t=1790870635432:84:7)
    at renderWithHooks (http://localhost:5173/node_modules/.vite/deps/chunk-XPR23Y44.js?v=b7d368d5:11546:26)
    at updateFunctionComponent (http://localhost:5173/node_modules/.vite/deps/chunk-XPR23Y44.js?v=b7d368d5:14580:28)
    at beginWork (http://localhost:5173/node_modules/.vite/deps/chunk-XPR23Y44.js?v=b7d368d5:15922:22)
    at HTMLUnknownElement.callCallback2 (http://localhost:5173/node_modules/.vite/deps/chunk-XPR23Y44.js?v=b7d368d5:3672:22)
    at Object.invokeGuardedCallbackDev (http://localhost:5173/node_modules/.vite/deps/chunk-XPR23Y44.js?v=b7d368d5:3697:24)
    at invokeGuardedCallback (http://localhost:5173/node_modules/.vite/deps/chunk-XPR23Y44.js?v=b7d368d5:3731:39)
    at beginWork$1 (http://localhost:5173/node_modules/.vite/deps/chunk-XPR23Y44.js?v=b7d368d5:19763:15)
    at performUnitOfWork (http://localhost:5173/node_modules/.vite/deps/chunk-XPR23Y44.js?v=b7d368d5:19196:20)
    at workLoopSync (http://localhost:5173/node_modules/.vite/deps/chunk-XPR23Y44.js?v=b7d368d5:19135:13)
[39410419ms] ReferenceError: hoverImage is not defined
    at ProductCard (http://localhost:5173/src/components/Shared.jsx?t=1790870635432:84:7)
    at renderWithHooks (http://localhost:5173/node_modules/.vite/deps/chunk-XPR23Y44.js?v=b7d368d5:11546:26)
    at updateFunctionComponent (http://localhost:5173/node_modules/.vite/deps/chunk-XPR23Y44.js?v=b7d368d5:14580:28)
    at beginWork (http://localhost:5173/node_modules/.vite/deps/chunk-XPR23Y44.js?v=b7d368d5:15922:22)
    at HTMLUnknownElement.callCallback2 (http://localhost:5173/node_modules/.vite/deps/chunk-XPR23Y44.js?v=b7d368d5:3672:22)
    at Object.invokeGuardedCallbackDev (http://localhost:5173/node_modules/.vite/deps/chunk-XPR23Y44.js?v=b7d368d5:3697:24)
    at invokeGuardedCallback (http://localhost:5173/node_modules/.vite/deps/chunk-XPR23Y44.js?v=b7d368d5:3731:39)
    at beginWork$1 (http://localhost:5173/node_modules/.vite/deps/chunk-XPR23Y44.js?v=b7d368d5:19763:15)
    at performUnitOfWork (http://localhost:5173/node_modules/.vite/deps/chunk-XPR23Y44.js?v=b7d368d5:19196:20)
    at workLoopSync (http://localhost:5173/node_modules/.vite/deps/chunk-XPR23Y44.js?v=b7d368d5:19135:13)
[39410420ms] [ERROR] The above error occurred in the <ProductCard> component:

    at ProductCard (http://localhost:5173/src/components/Shared.jsx?t=1790870635432:73:31)
    at div
    at ProductGrid (http://localhost:5173/src/components/Shared.jsx?t=1790870635432:175:31)
    at div
    at Shop (http://localhost:5173/src/pages/Shop.jsx?t=1790868763926:111:32)
    at RenderedRoute (http://localhost:5173/node_modules/.vite/deps/react-router-dom.js?v=c76998c8:4110:5)
    at Outlet (http://localhost:5173/node_modules/.vite/deps/react-router-dom.js?v=c76998c8:4516:26)
    at main
    at div
    at Layout (http://localhost:5173/src/components/Layout.jsx?t=1790868763926:683:27)
    at RenderedRoute (http://localhost:5173/node_modules/.vite/deps/react-router-dom.js?v=c76998c8:4110:5)
    at Routes (http://localhost:5173/node_modules/.vite/deps/react-router-dom.js?v=c76998c8:4580:5)
    at App
    at StoreProvider (http://localhost:5173/src/context/StoreContext.jsx?t=1790868763926:30:33)
    at Router (http://localhost:5173/node_modules/.vite/deps/react-router-dom.js?v=c76998c8:4523:15)
    at BrowserRouter (http://localhost:5173/node_modules/.vite/deps/react-router-dom.js?v=c76998c8:5261:5)

Consider adding an error boundary to your tree to customize error handling behavior.
Visit https://reactjs.org/link/error-boundaries to learn more about error boundaries. @ http://localhost:5173/node_modules/.vite/deps/chunk-XPR23Y44.js?v=b7d368d5:14029
[39410420ms] [ERROR] The above error occurred in the <ProductCard> component:

    at ProductCard (http://localhost:5173/src/components/Shared.jsx?t=1790870635432:73:31)
    at div
    at ProductGrid (http://localhost:5173/src/components/Shared.jsx?t=1790870635432:175:31)
    at div
    at Shop (http://localhost:5173/src/pages/Shop.jsx?t=1790868763926:111:32)
    at RenderedRoute (http://localhost:5173/node_modules/.vite/deps/react-router-dom.js?v=c76998c8:4110:5)
    at Outlet (http://localhost:5173/node_modules/.vite/deps/react-router-dom.js?v=c76998c8:4516:26)
    at main
    at div
    at Layout (http://localhost:5173/src/components/Layout.jsx?t=1790868763926:683:27)
    at RenderedRoute (http://localhost:5173/node_modules/.vite/deps/react-router-dom.js?v=c76998c8:4110:5)
    at Routes (http://localhost:5173/node_modules/.vite/deps/react-router-dom.js?v=c76998c8:4580:5)
    at App
    at StoreProvider (http://localhost:5173/src/context/StoreContext.jsx?t=1790868763926:30:33)
    at Router (http://localhost:5173/node_modules/.vite/deps/react-router-dom.js?v=c76998c8:4523:15)
    at BrowserRouter (http://localhost:5173/node_modules/.vite/deps/react-router-dom.js?v=c76998c8:5261:5)

Consider adding an error boundary to your tree to customize error handling behavior.
Visit https://reactjs.org/link/error-boundaries to learn more about error boundaries. @ http://localhost:5173/node_modules/.vite/deps/chunk-XPR23Y44.js?v=b7d368d5:14029
[39410420ms] [ERROR] The above error occurred in the <ProductCard> component:

    at ProductCard (http://localhost:5173/src/components/Shared.jsx?t=1790870635432:73:31)
    at div
    at ProductGrid (http://localhost:5173/src/components/Shared.jsx?t=1790870635432:175:31)
    at div
    at Shop (http://localhost:5173/src/pages/Shop.jsx?t=1790868763926:111:32)
    at RenderedRoute (http://localhost:5173/node_modules/.vite/deps/react-router-dom.js?v=c76998c8:4110:5)
    at Outlet (http://localhost:5173/node_modules/.vite/deps/react-router-dom.js?v=c76998c8:4516:26)
    at main
    at div
    at Layout (http://localhost:5173/src/components/Layout.jsx?t=1790868763926:683:27)
    at RenderedRoute (http://localhost:5173/node_modules/.vite/deps/react-router-dom.js?v=c76998c8:4110:5)
    at Routes (http://localhost:5173/node_modules/.vite/deps/react-router-dom.js?v=c76998c8:4580:5)
    at App
    at StoreProvider (http://localhost:5173/src/context/StoreContext.jsx?t=1790868763926:30:33)
    at Router (http://localhost:5173/node_modules/.vite/deps/react-router-dom.js?v=c76998c8:4523:15)
    at BrowserRouter (http://localhost:5173/node_modules/.vite/deps/react-router-dom.js?v=c76998c8:5261:5)

Consider adding an error boundary to your tree to customize error handling behavior.
Visit https://reactjs.org/link/error-boundaries to learn more about error boundaries. @ http://localhost:5173/node_modules/.vite/deps/chunk-XPR23Y44.js?v=b7d368d5:14029
[39410420ms] [ERROR] The above error occurred in the <ProductCard> component:

    at ProductCard (http://localhost:5173/src/components/Shared.jsx?t=1790870635432:73:31)
    at div
    at ProductGrid (http://localhost:5173/src/components/Shared.jsx?t=1790870635432:175:31)
    at div
    at Shop (http://localhost:5173/src/pages/Shop.jsx?t=1790868763926:111:32)
    at RenderedRoute (http://localhost:5173/node_modules/.vite/deps/react-router-dom.js?v=c76998c8:4110:5)
    at Outlet (http://localhost:5173/node_modules/.vite/deps/react-router-dom.js?v=c76998c8:4516:26)
    at main
    at div
    at Layout (http://localhost:5173/src/components/Layout.jsx?t=1790868763926:683:27)
    at RenderedRoute (http://localhost:5173/node_modules/.vite/deps/react-router-dom.js?v=c76998c8:4110:5)
    at Routes (http://localhost:5173/node_modules/.vite/deps/react-router-dom.js?v=c76998c8:4580:5)
    at App
    at StoreProvider (http://localhost:5173/src/context/StoreContext.jsx?t=1790868763926:30:33)
    at Router (http://localhost:5173/node_modules/.vite/deps/react-router-dom.js?v=c76998c8:4523:15)
    at BrowserRouter (http://localhost:5173/node_modules/.vite/deps/react-router-dom.js?v=c76998c8:5261:5)

Consider adding an error boundary to your tree to customize error handling behavior.
Visit https://reactjs.org/link/error-boundaries to learn more about error boundaries. @ http://localhost:5173/node_modules/.vite/deps/chunk-XPR23Y44.js?v=b7d368d5:14029
[39410420ms] [ERROR] The above error occurred in the <ProductCard> component:

    at ProductCard (http://localhost:5173/src/components/Shared.jsx?t=1790870635432:73:31)
    at div
    at ProductGrid (http://localhost:5173/src/components/Shared.jsx?t=1790870635432:175:31)
    at div
    at Shop (http://localhost:5173/src/pages/Shop.jsx?t=1790868763926:111:32)
    at RenderedRoute (http://localhost:5173/node_modules/.vite/deps/react-router-dom.js?v=c76998c8:4110:5)
    at Outlet (http://localhost:5173/node_modules/.vite/deps/react-router-dom.js?v=c76998c8:4516:26)
    at main
    at div
    at Layout (http://localhost:5173/src/components/Layout.jsx?t=1790868763926:683:27)
    at RenderedRoute (http://localhost:5173/node_modules/.vite/deps/react-router-dom.js?v=c76998c8:4110:5)
    at Routes (http://localhost:5173/node_modules/.vite/deps/react-router-dom.js?v=c76998c8:4580:5)
    at App
    at StoreProvider (http://localhost:5173/src/context/StoreContext.jsx?t=1790868763926:30:33)
    at Router (http://localhost:5173/node_modules/.vite/deps/react-router-dom.js?v=c76998c8:4523:15)
    at BrowserRouter (http://localhost:5173/node_modules/.vite/deps/react-router-dom.js?v=c76998c8:5261:5)

Consider adding an error boundary to your tree to customize error handling behavior.
Visit https://reactjs.org/link/error-boundaries to learn more about error boundaries. @ http://localhost:5173/node_modules/.vite/deps/chunk-XPR23Y44.js?v=b7d368d5:14029
[39410428ms] ReferenceError: hoverImage is not defined
    at ProductCard (http://localhost:5173/src/components/Shared.jsx?t=1790870635432:84:7)
    at renderWithHooks (http://localhost:5173/node_modules/.vite/deps/chunk-XPR23Y44.js?v=b7d368d5:11546:26)
    at updateFunctionComponent (http://localhost:5173/node_modules/.vite/deps/chunk-XPR23Y44.js?v=b7d368d5:14580:28)
    at beginWork (http://localhost:5173/node_modules/.vite/deps/chunk-XPR23Y44.js?v=b7d368d5:15922:22)
    at beginWork$1 (http://localhost:5173/node_modules/.vite/deps/chunk-XPR23Y44.js?v=b7d368d5:19751:22)
    at performUnitOfWork (http://localhost:5173/node_modules/.vite/deps/chunk-XPR23Y44.js?v=b7d368d5:19196:20)
    at workLoopSync (http://localhost:5173/node_modules/.vite/deps/chunk-XPR23Y44.js?v=b7d368d5:19135:13)
    at renderRootSync (http://localhost:5173/node_modules/.vite/deps/chunk-XPR23Y44.js?v=b7d368d5:19114:15)
    at recoverFromConcurrentError (http://localhost:5173/node_modules/.vite/deps/chunk-XPR23Y44.js?v=b7d368d5:18734:28)
    at performSyncWorkOnRoot (http://localhost:5173/node_modules/.vite/deps/chunk-XPR23Y44.js?v=b7d368d5:18877:28)
