[      93ms] [INFO] %cDownload the React DevTools for a better development experience: https://reactjs.org/link/react-devtools font-weight:bold @ http://localhost:5173/node_modules/.vite/deps/chunk-XPR23Y44.js?v=7091fa58:21548
[     133ms] [WARNING] ⚠️ React Router Future Flag Warning: React Router will begin wrapping state updates in `React.startTransition` in v7. You can use the `v7_startTransition` future flag to opt-in early. For more information, see https://reactrouter.com/v6/upgrading/future#v7_starttransition. @ http://localhost:5173/node_modules/.vite/deps/react-router-dom.js?v=7091fa58:4414
[     133ms] [WARNING] ⚠️ React Router Future Flag Warning: Relative route resolution within Splat routes is changing in v7. You can use the `v7_relativeSplatPath` future flag to opt-in early. For more information, see https://reactrouter.com/v6/upgrading/future#v7_relativesplatpath. @ http://localhost:5173/node_modules/.vite/deps/react-router-dom.js?v=7091fa58:4414
[     426ms] [ERROR] Access to fetch at 'https://backend.gadgetaccessorieshome.com/api/admin/settings' from origin 'http://localhost:5173' has been blocked by CORS policy: Response to preflight request doesn't pass access control check: No 'Access-Control-Allow-Origin' header is present on the requested resource. @ http://localhost:5173/admin/settings:0
[     426ms] [ERROR] Failed to load resource: net::ERR_FAILED @ https://backend.gadgetaccessorieshome.com/api/admin/settings:0
[     427ms] [ERROR] Access to fetch at 'https://backend.gadgetaccessorieshome.com/api/settings' from origin 'http://localhost:5173' has been blocked by CORS policy: Response to preflight request doesn't pass access control check: No 'Access-Control-Allow-Origin' header is present on the requested resource. @ http://localhost:5173/admin/settings:0
[     427ms] [ERROR] Failed to load resource: net::ERR_FAILED @ https://backend.gadgetaccessorieshome.com/api/settings:0
[     435ms] [ERROR] Access to fetch at 'https://backend.gadgetaccessorieshome.com/api/categories' from origin 'http://localhost:5173' has been blocked by CORS policy: Response to preflight request doesn't pass access control check: No 'Access-Control-Allow-Origin' header is present on the requested resource. @ http://localhost:5173/admin/settings:0
[     435ms] [ERROR] Failed to load resource: net::ERR_FAILED @ https://backend.gadgetaccessorieshome.com/api/categories:0
[     435ms] [ERROR] Access to fetch at 'https://backend.gadgetaccessorieshome.com/api/wishlist/sync' from origin 'http://localhost:5173' has been blocked by CORS policy: Response to preflight request doesn't pass access control check: No 'Access-Control-Allow-Origin' header is present on the requested resource. @ http://localhost:5173/admin/settings:0
[     435ms] [ERROR] Failed to load resource: net::ERR_FAILED @ https://backend.gadgetaccessorieshome.com/api/wishlist/sync:0
[     435ms] [ERROR] Access to fetch at 'https://backend.gadgetaccessorieshome.com/api/auth/me' from origin 'http://localhost:5173' has been blocked by CORS policy: Response to preflight request doesn't pass access control check: No 'Access-Control-Allow-Origin' header is present on the requested resource. @ http://localhost:5173/admin/settings:0
[     435ms] [ERROR] Failed to load resource: net::ERR_FAILED @ https://backend.gadgetaccessorieshome.com/api/auth/me:0
[     436ms] [ERROR] Access to fetch at 'https://backend.gadgetaccessorieshome.com/api/wishlist/sync' from origin 'http://localhost:5173' has been blocked by CORS policy: Response to preflight request doesn't pass access control check: No 'Access-Control-Allow-Origin' header is present on the requested resource. @ http://localhost:5173/admin/settings:0
[     436ms] [ERROR] Failed to load resource: net::ERR_FAILED @ https://backend.gadgetaccessorieshome.com/api/wishlist/sync:0
[     436ms] [ERROR] Access to fetch at 'https://backend.gadgetaccessorieshome.com/api/settings' from origin 'http://localhost:5173' has been blocked by CORS policy: Response to preflight request doesn't pass access control check: No 'Access-Control-Allow-Origin' header is present on the requested resource. @ http://localhost:5173/admin/settings:0
[     436ms] [ERROR] Failed to load resource: net::ERR_FAILED @ https://backend.gadgetaccessorieshome.com/api/settings:0
[     436ms] [ERROR] Access to fetch at 'https://backend.gadgetaccessorieshome.com/api/admin/settings' from origin 'http://localhost:5173' has been blocked by CORS policy: Response to preflight request doesn't pass access control check: No 'Access-Control-Allow-Origin' header is present on the requested resource. @ http://localhost:5173/admin/settings:0
[     436ms] [ERROR] Failed to load resource: net::ERR_FAILED @ https://backend.gadgetaccessorieshome.com/api/admin/settings:0
[     436ms] [ERROR] Access to fetch at 'https://backend.gadgetaccessorieshome.com/api/auth/me' from origin 'http://localhost:5173' has been blocked by CORS policy: Response to preflight request doesn't pass access control check: No 'Access-Control-Allow-Origin' header is present on the requested resource. @ http://localhost:5173/admin/settings:0
[     436ms] [ERROR] Failed to load resource: net::ERR_FAILED @ https://backend.gadgetaccessorieshome.com/api/auth/me:0
[     436ms] [ERROR] Access to fetch at 'https://backend.gadgetaccessorieshome.com/api/categories' from origin 'http://localhost:5173' has been blocked by CORS policy: Response to preflight request doesn't pass access control check: No 'Access-Control-Allow-Origin' header is present on the requested resource. @ http://localhost:5173/admin/settings:0
[     436ms] [ERROR] Failed to load resource: net::ERR_FAILED @ https://backend.gadgetaccessorieshome.com/api/categories:0
[     564ms] [VERBOSE] [DOM] Input elements should have autocomplete attributes (suggested: "username"): (More info: https://goo.gl/9p2vKq) %o @ http://localhost:5173/login:0
[    2718ms] [ERROR] Access to fetch at 'https://backend.gadgetaccessorieshome.com/api/push/subscribe' from origin 'http://localhost:5173' has been blocked by CORS policy: Response to preflight request doesn't pass access control check: No 'Access-Control-Allow-Origin' header is present on the requested resource. @ http://localhost:5173/login:0
[    2718ms] [ERROR] Failed to load resource: net::ERR_FAILED @ https://backend.gadgetaccessorieshome.com/api/push/subscribe:0
[    2718ms] [ERROR] Access to fetch at 'https://backend.gadgetaccessorieshome.com/api/push/subscribe' from origin 'http://localhost:5173' has been blocked by CORS policy: Response to preflight request doesn't pass access control check: No 'Access-Control-Allow-Origin' header is present on the requested resource. @ http://localhost:5173/login:0
[    2718ms] [ERROR] Failed to load resource: net::ERR_FAILED @ https://backend.gadgetaccessorieshome.com/api/push/subscribe:0
[   20766ms] [LOG] [vite] server connection lost. Polling for restart... @ http://localhost:5173/@vite/client:559
[   20771ms] [ERROR] Failed to load resource: net::ERR_CONNECTION_REFUSED @ http://localhost:5173/:0
[   21775ms] [ERROR] Failed to load resource: net::ERR_CONNECTION_REFUSED @ http://localhost:5173/:0
[   22792ms] [ERROR] Failed to load resource: net::ERR_CONNECTION_REFUSED @ http://localhost:5173/:0
[   24857ms] [INFO] %cDownload the React DevTools for a better development experience: https://reactjs.org/link/react-devtools font-weight:bold @ http://localhost:5173/node_modules/.vite/deps/chunk-XPR23Y44.js?v=7091fa58:21548
[   24902ms] [WARNING] ⚠️ React Router Future Flag Warning: React Router will begin wrapping state updates in `React.startTransition` in v7. You can use the `v7_startTransition` future flag to opt-in early. For more information, see https://reactrouter.com/v6/upgrading/future#v7_starttransition. @ http://localhost:5173/node_modules/.vite/deps/react-router-dom.js?v=7091fa58:4414
[   24902ms] [WARNING] ⚠️ React Router Future Flag Warning: Relative route resolution within Splat routes is changing in v7. You can use the `v7_relativeSplatPath` future flag to opt-in early. For more information, see https://reactrouter.com/v6/upgrading/future#v7_relativesplatpath. @ http://localhost:5173/node_modules/.vite/deps/react-router-dom.js?v=7091fa58:4414
[   24985ms] [VERBOSE] [DOM] Input elements should have autocomplete attributes (suggested: "username"): (More info: https://goo.gl/9p2vKq) %o @ http://localhost:5173/login:0
